Archive member included to satisfy reference by file (symbol)

c:/st/stm32cubeide_1.9.0/stm32cubeide/plugins/com.st.stm32cube.ide.mcu.externaltools.gnu-tools-for-stm32.10.3-2021.10.win32_1.0.0.202111181127/tools/bin/../lib/gcc/arm-none-eabi/10.3.1/../../../../arm-none-eabi/lib/thumb/v7e-m+fp/hard\libc_nano.a(lib_a-errno.o)
                              ./Src/syscalls.o (__errno)
c:/st/stm32cubeide_1.9.0/stm32cubeide/plugins/com.st.stm32cube.ide.mcu.externaltools.gnu-tools-for-stm32.10.3-2021.10.win32_1.0.0.202111181127/tools/bin/../lib/gcc/arm-none-eabi/10.3.1/../../../../arm-none-eabi/lib/thumb/v7e-m+fp/hard\libc_nano.a(lib_a-exit.o)
                              c:/st/stm32cubeide_1.9.0/stm32cubeide/plugins/com.st.stm32cube.ide.mcu.externaltools.gnu-tools-for-stm32.10.3-2021.10.win32_1.0.0.202111181127/tools/bin/../lib/gcc/arm-none-eabi/10.3.1/../../../../arm-none-eabi/lib/thumb/v7e-m+fp/hard/crt0.o (exit)
c:/st/stm32cubeide_1.9.0/stm32cubeide/plugins/com.st.stm32cube.ide.mcu.externaltools.gnu-tools-for-stm32.10.3-2021.10.win32_1.0.0.202111181127/tools/bin/../lib/gcc/arm-none-eabi/10.3.1/../../../../arm-none-eabi/lib/thumb/v7e-m+fp/hard\libc_nano.a(lib_a-impure.o)
                              c:/st/stm32cubeide_1.9.0/stm32cubeide/plugins/com.st.stm32cube.ide.mcu.externaltools.gnu-tools-for-stm32.10.3-2021.10.win32_1.0.0.202111181127/tools/bin/../lib/gcc/arm-none-eabi/10.3.1/../../../../arm-none-eabi/lib/thumb/v7e-m+fp/hard\libc_nano.a(lib_a-exit.o) (_global_impure_ptr)
c:/st/stm32cubeide_1.9.0/stm32cubeide/plugins/com.st.stm32cube.ide.mcu.externaltools.gnu-tools-for-stm32.10.3-2021.10.win32_1.0.0.202111181127/tools/bin/../lib/gcc/arm-none-eabi/10.3.1/../../../../arm-none-eabi/lib/thumb/v7e-m+fp/hard\libc_nano.a(lib_a-init.o)
                              c:/st/stm32cubeide_1.9.0/stm32cubeide/plugins/com.st.stm32cube.ide.mcu.externaltools.gnu-tools-for-stm32.10.3-2021.10.win32_1.0.0.202111181127/tools/bin/../lib/gcc/arm-none-eabi/10.3.1/../../../../arm-none-eabi/lib/thumb/v7e-m+fp/hard/crt0.o (__libc_init_array)
c:/st/stm32cubeide_1.9.0/stm32cubeide/plugins/com.st.stm32cube.ide.mcu.externaltools.gnu-tools-for-stm32.10.3-2021.10.win32_1.0.0.202111181127/tools/bin/../lib/gcc/arm-none-eabi/10.3.1/../../../../arm-none-eabi/lib/thumb/v7e-m+fp/hard\libc_nano.a(lib_a-memset.o)
                              c:/st/stm32cubeide_1.9.0/stm32cubeide/plugins/com.st.stm32cube.ide.mcu.externaltools.gnu-tools-for-stm32.10.3-2021.10.win32_1.0.0.202111181127/tools/bin/../lib/gcc/arm-none-eabi/10.3.1/../../../../arm-none-eabi/lib/thumb/v7e-m+fp/hard/crt0.o (memset)
c:/st/stm32cubeide_1.9.0/stm32cubeide/plugins/com.st.stm32cube.ide.mcu.externaltools.gnu-tools-for-stm32.10.3-2021.10.win32_1.0.0.202111181127/tools/bin/../lib/gcc/arm-none-eabi/10.3.1/../../../../arm-none-eabi/lib/thumb/v7e-m+fp/hard\libm.a(lib_a-s_sin.o)
                              ./Src/SunCalc.o (sin)
c:/st/stm32cubeide_1.9.0/stm32cubeide/plugins/com.st.stm32cube.ide.mcu.externaltools.gnu-tools-for-stm32.10.3-2021.10.win32_1.0.0.202111181127/tools/bin/../lib/gcc/arm-none-eabi/10.3.1/../../../../arm-none-eabi/lib/thumb/v7e-m+fp/hard\libm.a(lib_a-s_tan.o)
                              ./Src/SunCalc.o (tan)
c:/st/stm32cubeide_1.9.0/stm32cubeide/plugins/com.st.stm32cube.ide.mcu.externaltools.gnu-tools-for-stm32.10.3-2021.10.win32_1.0.0.202111181127/tools/bin/../lib/gcc/arm-none-eabi/10.3.1/../../../../arm-none-eabi/lib/thumb/v7e-m+fp/hard\libm.a(lib_a-w_acos.o)
                              ./Src/SunCalc.o (acos)
c:/st/stm32cubeide_1.9.0/stm32cubeide/plugins/com.st.stm32cube.ide.mcu.externaltools.gnu-tools-for-stm32.10.3-2021.10.win32_1.0.0.202111181127/tools/bin/../lib/gcc/arm-none-eabi/10.3.1/../../../../arm-none-eabi/lib/thumb/v7e-m+fp/hard\libm.a(lib_a-e_acos.o)
                              c:/st/stm32cubeide_1.9.0/stm32cubeide/plugins/com.st.stm32cube.ide.mcu.externaltools.gnu-tools-for-stm32.10.3-2021.10.win32_1.0.0.202111181127/tools/bin/../lib/gcc/arm-none-eabi/10.3.1/../../../../arm-none-eabi/lib/thumb/v7e-m+fp/hard\libm.a(lib_a-w_acos.o) (__ieee754_acos)
c:/st/stm32cubeide_1.9.0/stm32cubeide/plugins/com.st.stm32cube.ide.mcu.externaltools.gnu-tools-for-stm32.10.3-2021.10.win32_1.0.0.202111181127/tools/bin/../lib/gcc/arm-none-eabi/10.3.1/../../../../arm-none-eabi/lib/thumb/v7e-m+fp/hard\libm.a(lib_a-e_rem_pio2.o)
                              c:/st/stm32cubeide_1.9.0/stm32cubeide/plugins/com.st.stm32cube.ide.mcu.externaltools.gnu-tools-for-stm32.10.3-2021.10.win32_1.0.0.202111181127/tools/bin/../lib/gcc/arm-none-eabi/10.3.1/../../../../arm-none-eabi/lib/thumb/v7e-m+fp/hard\libm.a(lib_a-s_sin.o) (__ieee754_rem_pio2)
c:/st/stm32cubeide_1.9.0/stm32cubeide/plugins/com.st.stm32cube.ide.mcu.externaltools.gnu-tools-for-stm32.10.3-2021.10.win32_1.0.0.202111181127/tools/bin/../lib/gcc/arm-none-eabi/10.3.1/../../../../arm-none-eabi/lib/thumb/v7e-m+fp/hard\libm.a(lib_a-e_sqrt.o)
[...]
Memory Configuration

Name             Origin             Length             Attributes
RAM              0x0000000020000000 0x0000000000018000 xrw
FLASH            0x0000000008000000 0x0000000000080000 xr
*default*        0x0000000000000000 0xffffffffffffffff

Linker script and memory map

LOAD c:/st/stm32cubeide_1.9.0/stm32cubeide/plugins/com.st.stm32cube.ide.mcu.externaltools.gnu-tools-for-stm32.10.3-2021.10.win32_1.0.0.202111181127/tools/bin/../lib/gcc/arm-none-eabi/10.3.1/thumb/v7e-m+fp/hard/crti.o
LOAD c:/st/stm32cubeide_1.9.0/stm32cubeide/plugins/com.st.stm32cube.ide.mcu.externaltools.gnu-tools-for-stm32.10.3-2021.10.win32_1.0.0.202111181127/tools/bin/../lib/gcc/arm-none-eabi/10.3.1/thumb/v7e-m+fp/hard/crtbegin.o
LOAD c:/st/stm32cubeide_1.9.0/stm32cubeide/plugins/com.st.stm32cube.ide.mcu.externaltools.gnu-tools-for-stm32.10.3-2021.10.win32_1.0.0.202111181127/tools/bin/../lib/gcc/arm-none-eabi/10.3.1/../../../../arm-none-eabi/lib/thumb/v7e-m+fp/hard/crt0.o
LOAD ./Src/ADC_prog.o
LOAD ./Src/Delay_prog.o
LOAD ./Src/ECU.o
LOAD ./Src/GPIO_prog.o
LOAD ./Src/NVIC_prog.o
LOAD ./Src/RCC_prog.o
LOAD ./Src/STK_program.o
LOAD ./Src/SunCalc.o
LOAD ./Src/TIM2.o
LOAD ./Src/app.o
LOAD ./Src/motor.o
LOAD ./Src/syscalls.o
LOAD ./Src/sysmem.o
LOAD ./Startup/startup_stm32f401vetx.o
START GROUP
LOAD c:/st/stm32cubeide_1.9.0/stm32cubeide/plugins/com.st.stm32cube.ide.mcu.externaltools.gnu-tools-for-stm32.10.3-2021.10.win32_1.0.0.202111181127/tools/bin/../lib/gcc/arm-none-eabi/10.3.1/../../../../arm-none-eabi/lib/thumb/v7e-m+fp/hard\libc_nano.a
LOAD c:/st/stm32cubeide_1.9.0/stm32cubeide/plugins/com.st.stm32cube.ide.mcu.externaltools.gnu-tools-for-stm32.10.3-2021.10.win32_1.0.0.202111181127/tools/bin/../lib/gcc/arm-none-eabi/10.3.1/../../../../arm-none-eabi/lib/thumb/v7e-m+fp/hard\libm.a
END GROUP
START GROUP
LOAD c:/st/stm32cubeide_1.9.0/stm32cubeide/plugins/com.st.stm32cube.ide.mcu.externaltools.gnu-tools-for-stm32.10.3-2021.10.win32_1.0.0.202111181127/tools/bin/../lib/gcc/arm-none-eabi/10.3.1/thumb/v7e-m+fp/hard\libgcc.a
LOAD c:/st/stm32cubeide_1.9.0/stm32cubeide/plugins/com.st.stm32cube.ide.mcu.externaltools.gnu-tools-for-stm32.10.3-2021.10.win32_1.0.0.202111181127/tools/bin/../lib/gcc/arm-none-eabi/10.3.1/../../../../arm-none-eabi/lib/thumb/v7e-m+fp/hard\libc_nano.a
END GROUP
START GROUP
LOAD c:/st/stm32cubeide_1.9.0/stm32cubeide/plugins/com.st.stm32cube.ide.mcu.externaltools.gnu-tools-for-stm32.10.3-2021.10.win32_1.0.0.202111181127/tools/bin/../lib/gcc/arm-none-eabi/10.3.1/thumb/v7e-m+fp/hard\libgcc.a
LOAD c:/st/stm32cubeide_1.9.0/stm32cubeide/plugins/com.st.stm32cube.ide.mcu.externaltools.gnu-tools-for-stm32.10.3-2021.10.win32_1.0.0.202111181127/tools/bin/../lib/gcc/arm-none-eabi/10.3.1/../../../../arm-none-eabi/lib/thumb/v7e-m+fp/hard\libc_nano.a
LOAD c:/st/stm32cubeide_1.9.0/stm32cubeide/plugins/com.st.stm32cube.ide.mcu.externaltools.gnu-tools-for-stm32.10.3-2021.10.win32_1.0.0.202111181127/tools/bin/../lib/gcc/arm-none-eabi/10.3.1/../../../../arm-none-eabi/lib/thumb/v7e-m+fp/hard\libnosys.a
END GROUP
START GROUP
LOAD c:/st/stm32cubeide_1.9.0/stm32cubeide/plugins/com.st.stm32cube.ide.mcu.externaltools.gnu-tools-for-stm32.10.3-2021.10.win32_1.0.0.202111181127/tools/bin/../lib/gcc/arm-none-eabi/10.3.1/thumb/v7e-m+fp/hard\libgcc.a
LOAD c:/st/stm32cubeide_1.9.0/stm32cubeide/plugins/com.st.stm32cube.ide.mcu.externaltools.gnu-tools-for-stm32.10.3-2021.10.win32_1.0.0.202111181127/tools/bin/../lib/gcc/arm-none-eabi/10.3.1/../../../../arm-none-eabi/lib/thumb/v7e-m+fp/hard\libc_nano.a
LOAD c:/st/stm32cubeide_1.9.0/stm32cubeide/plugins/com.st.stm32cube.ide.mcu.externaltools.gnu-tools-for-stm32.10.3-2021.10.win32_1.0.0.202111181127/tools/bin/../lib/gcc/arm-none-eabi/10.3.1/../../../../arm-none-eabi/lib/thumb/v7e-m+fp/hard\libnosys.a
END GROUP
LOAD c:/st/stm32cubeide_1.9.0/stm32cubeide/plugins/com.st.stm32cube.ide.mcu.externaltools.gnu-tools-for-stm32.10.3-2021.10.win32_1.0.0.202111181127/tools/bin/../lib/gcc/arm-none-eabi/10.3.1/thumb/v7e-m+fp/hard/crtend.o
LOAD c:/st/stm32cubeide_1.9.0/stm32cubeide/plugins/com.st.stm32cube.ide.mcu.externaltools.gnu-tools-for-stm32.10.3-2021.10.win32_1.0.0.202111181127/tools/bin/../lib/gcc/arm-none-eabi/10.3.1/thumb/v7e-m+fp/hard/crtn.o
                0x0000000020018000                _estack = (ORIGIN (RAM) + LENGTH (RAM))
                0x0000000000000200                _Min_Heap_Size = 0x200
                0x0000000000000400                _Min_Stack_Size = 0x400

.isr_vector     0x0000000008000000      0x194
                0x0000000008000000                . = ALIGN (0x4)
 *(.isr_vector)
 .isr_vector    0x0000000008000000      0x194 ./Startup/startup_stm32f401vetx.o
                0x0000000008000000                g_pfnVectors
                0x0000000008000194                . = ALIGN (0x4)

.text           0x0000000008000198     0x3b44
                0x0000000008000198                . = ALIGN (0x4)
 *(.text)
 .text          0x0000000008000198       0x40 c:/st/stm32cubeide_1.9.0/stm32cubeide/plugins/com.st.stm32cube.ide.mcu.externaltools.gnu-tools-for-stm32.10.3-2021.10.win32_1.0.0.202111181127/tools/bin/../lib/gcc/arm-none-eabi/10.3.1/thumb/v7e-m+fp/hard/crtbegin.o
 .text          0x00000000080001d8      0x378 c:/st/stm32cubeide_1.9.0/stm32cubeide/plugins/com.st.stm32cube.ide.mcu.externaltools.gnu-tools-for-stm32.10.3-2021.10.win32_1.0.0.202111181127/tools/bin/../lib/gcc/arm-none-eabi/10.3.1/thumb/v7e-m+fp/hard\libgcc.a(_arm_addsubdf3.o)
                0x00000000080001d8                __aeabi_drsub
                0x00000000080001e0                __aeabi_dsub
                0x00000000080001e0                __subdf3
                0x00000000080001e4                __aeabi_dadd
                0x00000000080001e4                __adddf3
                0x000000000800045c                __floatunsidf
                0x000000000800045c                __aeabi_ui2d
                0x000000000800047c                __floatsidf
                0x000000000800047c                __aeabi_i2d
                0x00000000080004a0                __aeabi_f2d
                0x00000000080004a0                __extendsfdf2
                0x00000000080004e4                __floatundidf
                0x00000000080004e4                __aeabi_ul2d
                0x00000000080004f4                __floatdidf
                0x00000000080004f4                __aeabi_l2d
 .text          0x0000000008000550      0x424 c:/st/stm32cubeide_1.9.0/stm32cubeide/plugins/com.st.stm32cube.ide.mcu.externaltools.gnu-tools-for-stm32.10.3-2021.10.win32_1.0.0.202111181127/tools/bin/../lib/gcc/arm-none-eabi/10.3.1/thumb/v7e-m+fp/hard\libgcc.a(_arm_muldivdf3.o)
                0x0000000008000550                __aeabi_dmul
                0x0000000008000550                __muldf3
                0x00000000080007a4                __divdf3
                0x00000000080007a4                __aeabi_ddiv
 .text          0x0000000008000974      0x110 c:/st/stm32cubeide_1.9.0/stm32cubeide/plugins/com.st.stm32cube.ide.mcu.externaltools.gnu-tools-for-stm32.10.3-2021.10.win32_1.0.0.202111181127/tools/bin/../lib/gcc/arm-none-eabi/10.3.1/thumb/v7e-m+fp/hard\libgcc.a(_arm_cmpdf2.o)
                0x0000000008000974                __gtdf2
                0x0000000008000974                __gedf2
                0x000000000800097c                __ltdf2
                0x000000000800097c                __ledf2
                0x0000000008000984                __nedf2
                0x0000000008000984                __eqdf2
                0x0000000008000984                __cmpdf2
                0x0000000008000a00                __aeabi_cdrcmple
                0x0000000008000a10                __aeabi_cdcmpeq
                0x0000000008000a10                __aeabi_cdcmple
                0x0000000008000a20                __aeabi_dcmpeq
                0x0000000008000a34                __aeabi_dcmplt
                0x0000000008000a48                __aeabi_dcmple
                0x0000000008000a5c                __aeabi_dcmpge
                0x0000000008000a70                __aeabi_dcmpgt
 .text          0x0000000008000a84       0x2c c:/st/stm32cubeide_1.9.0/stm32cubeide/plugins/com.st.stm32cube.ide.mcu.externaltools.gnu-tools-for-stm32.10.3-2021.10.win32_1.0.0.202111181127/tools/bin/../lib/gcc/arm-none-eabi/10.3.1/thumb/v7e-m+fp/hard\libgcc.a(_arm_unorddf2.o)
                0x0000000008000a84                __unorddf2
                0x0000000008000a84                __aeabi_dcmpun
 .text          0x0000000008000ab0       0x50 c:/st/stm32cubeide_1.9.0/stm32cubeide/plugins/com.st.stm32cube.ide.mcu.externaltools.gnu-tools-for-stm32.10.3-2021.10.win32_1.0.0.202111181127/tools/bin/../lib/gcc/arm-none-eabi/10.3.1/thumb/v7e-m+fp/hard\libgcc.a(_arm_fixdfsi.o)
                0x0000000008000ab0                __aeabi_d2iz
                0x0000000008000ab0                __fixdfsi
 .text          0x0000000008000b00       0xa0 c:/st/stm32cubeide_1.9.0/stm32cubeide/plugins/com.st.stm32cube.ide.mcu.externaltools.gnu-tools-for-stm32.10.3-2021.10.win32_1.0.0.202111181127/tools/bin/../lib/gcc/arm-none-eabi/10.3.1/thumb/v7e-m+fp/hard\libgcc.a(_arm_truncdfsf2.o)
                0x0000000008000b00                __truncdfsf2
                0x0000000008000b00                __aeabi_d2f
 *(.text*)
 .text.MADC_vInit
                0x0000000008000ba0      0x148 ./Src/ADC_prog.o
                0x0000000008000ba0                MADC_vInit
 .text.MADC_vEnable
                0x0000000008000ce8       0x1c ./Src/ADC_prog.o
                0x0000000008000ce8                MADC_vEnable
 .text.MADC_vStartConversion
                0x0000000008000d04       0x2c ./Src/ADC_prog.o
                0x0000000008000d04                MADC_vStartConversion
 .text.MADC_vJGetArray
                0x0000000008000d30       0xa4 ./Src/ADC_prog.o
                0x0000000008000d30                MADC_vJGetArray
 .text.MADC_vStopADC
                0x0000000008000dd4       0x30 ./Src/ADC_prog.o
                0x0000000008000dd4                MADC_vStopADC
 .text.Delay_vUsIn16MHzint
                0x0000000008000e04       0x4a ./Src/Delay_prog.o
                0x0000000008000e04                Delay_vUsIn16MHzint
 .text.ECU_start
                0x0000000008000e4e        0xe ./Src/ECU.o
                0x0000000008000e4e                ECU_start
 .text.SysInit  0x0000000008000e5c       0x88 ./Src/ECU.o
                0x0000000008000e5c                SysInit
 .text.SetPins  0x0000000008000ee4       0xa2 ./Src/ECU.o
                0x0000000008000ee4                SetPins
 *fill*         0x0000000008000f86        0x2 
 .text.EnableFPU
                0x0000000008000f88       0x28 ./Src/ECU.o
                0x0000000008000f88                EnableFPU
 .text.ECU_vCompareLDR
                0x0000000008000fb0       0xb0 ./Src/ECU.o
                0x0000000008000fb0                ECU_vCompareLDR
 .text.TIM2_vFunc
                0x0000000008001060       0x5c ./Src/ECU.o
                0x0000000008001060                TIM2_vFunc
 .text.TIM3_vFunc
                0x00000000080010bc        0xc ./Src/ECU.o
                0x00000000080010bc                TIM3_vFunc
 .text.setCallBacks
                0x00000000080010c8       0x24 ./Src/ECU.o
                0x00000000080010c8                setCallBacks
 .text.MGPIO_vSetPinMode
                0x00000000080010ec       0xf0 ./Src/GPIO_prog.o
                0x00000000080010ec                MGPIO_vSetPinMode
 .text.MGPIO_vSetPinOutputType
                0x00000000080011dc      0x1b0 ./Src/GPIO_prog.o
                0x00000000080011dc                MGPIO_vSetPinOutputType
 .text.MGPIO_vSetPinOutputSpeed
                0x000000000800138c       0xf0 ./Src/GPIO_prog.o
                0x000000000800138c                MGPIO_vSetPinOutputSpeed
 .text.MGPIO_vSetPinPullType
                0x000000000800147c       0xf0 ./Src/GPIO_prog.o
                0x000000000800147c                MGPIO_vSetPinPullType
 .text.MGPIO_vSetPinValueDirect
                0x000000000800156c      0x12c ./Src/GPIO_prog.o
                0x000000000800156c                MGPIO_vSetPinValueDirect
 .text.MNVIC_vEnableINT
                0x0000000008001698       0x34 ./Src/NVIC_prog.o
                0x0000000008001698                MNVIC_vEnableINT
 .text.MNVIC_vSetPendingFlag
                0x00000000080016cc       0x34 ./Src/NVIC_prog.o
                0x00000000080016cc                MNVIC_vSetPendingFlag
 .text.MRCC_vEnableClock
                0x0000000008001700       0xa4 ./Src/RCC_prog.o
                0x0000000008001700                MRCC_vEnableClock
 .text.MRCC_vInitSystemCLK_Systick
                0x00000000080017a4       0x54 ./Src/RCC_prog.o
                0x00000000080017a4                MRCC_vInitSystemCLK_Systick
 .text.MSTK_voidSetBusyWait
                0x00000000080017f8       0x54 ./Src/STK_program.o
                0x00000000080017f8                MSTK_voidSetBusyWait
 .text.SysTick_Handler
                0x000000000800184c       0x5c ./Src/STK_program.o
                0x000000000800184c                SysTick_Handler
 .text.SunCalc_u32SunriseTime
                0x00000000080018a8      0x1c8 ./Src/SunCalc.o
                0x00000000080018a8                SunCalc_u32SunriseTime
 .text.SunCalc_u32SunsetTime
                0x0000000008001a70      0x1c0 ./Src/SunCalc.o
                0x0000000008001a70                SunCalc_u32SunsetTime
 .text.TIM2_vInit
                0x0000000008001c30       0x78 ./Src/TIM2.o
                0x0000000008001c30                TIM2_vInit
 .text.TIM3_vInit
                0x0000000008001ca8       0x64 ./Src/TIM2.o
                0x0000000008001ca8                TIM3_vInit
 .text.TIM5_vInit
                0x0000000008001d0c       0x64 ./Src/TIM2.o
                0x0000000008001d0c                TIM5_vInit
 .text.TIM2_vEnableCount
                0x0000000008001d70       0x1c ./Src/TIM2.o
                0x0000000008001d70                TIM2_vEnableCount
 .text.TIM5_vEnableCount
                0x0000000008001d8c       0x20 ./Src/TIM2.o
                0x0000000008001d8c                TIM5_vEnableCount
 .text.TIM2_vSetCallBack
                0x0000000008001dac       0x20 ./Src/TIM2.o
                0x0000000008001dac                TIM2_vSetCallBack
 .text.TIM3_vSetCallBack
                0x0000000008001dcc       0x20 ./Src/TIM2.o
                0x0000000008001dcc                TIM3_vSetCallBack
 .text.TIM5_vSetCallBack
                0x0000000008001dec       0x20 ./Src/TIM2.o
                0x0000000008001dec                TIM5_vSetCallBack
 .text.TIM2_IRQHandler
                0x0000000008001e0c       0x24 ./Src/TIM2.o
                0x0000000008001e0c                TIM2_IRQHandler
 .text.TIM3_IRQHandler
                0x0000000008001e30       0x24 ./Src/TIM2.o
                0x0000000008001e30                TIM3_IRQHandler
 .text.TIM5_IRQHandler
                0x0000000008001e54       0x24 ./Src/TIM2.o
                0x0000000008001e54                TIM5_IRQHandler
 .text.main     0x0000000008001e78       0x3c ./Src/app.o
                0x0000000008001e78                main
 .text.MOTOR_vSetXPostion
                0x0000000008001eb4       0xd8 ./Src/motor.o
                0x0000000008001eb4                MOTOR_vSetXPostion
 .text.MOTOR_vSetYPostion
                0x0000000008001f8c       0xd8 ./Src/motor.o
                0x0000000008001f8c                MOTOR_vSetYPostion
 .text.Reset_Handler
                0x0000000008002064       0x50 ./Startup/startup_stm32f401vetx.o
                0x0000000008002064                Reset_Handler
 .text.Default_Handler
                0x00000000080020b4        0x2 ./Startup/startup_stm32f401vetx.o
                0x00000000080020b4                EXTI2_IRQHandler
                0x00000000080020b4                DebugMon_Handler
                0x00000000080020b4                SPI4_IRQHandler
                0x00000000080020b4                TIM1_CC_IRQHandler
                0x00000000080020b4                HardFault_Handler
                0x00000000080020b4                SDIO_IRQHandler
                0x00000000080020b4                TAMP_STAMP_IRQHandler
                0x00000000080020b4                PendSV_Handler
                0x00000000080020b4                NMI_Handler
                0x00000000080020b4                EXTI3_IRQHandler
                0x00000000080020b4                TIM1_UP_TIM10_IRQHandler
                0x00000000080020b4                I2C3_ER_IRQHandler
                0x00000000080020b4                EXTI18_OTG_FS_WKUP_IRQHandler
                0x00000000080020b4                EXTI0_IRQHandler
                0x00000000080020b4                I2C2_EV_IRQHandler
                0x00000000080020b4                FPU_IRQHandler
                0x00000000080020b4                UsageFault_Handler
                0x00000000080020b4                SPI1_IRQHandler
                0x00000000080020b4                TIM1_BRK_TIM9_IRQHandler
                0x00000000080020b4                USART6_IRQHandler
                0x00000000080020b4                TIM4_IRQHandler
                0x00000000080020b4                I2C1_EV_IRQHandler
                0x00000000080020b4                RCC_IRQHandler
                0x00000000080020b4                Default_Handler
                0x00000000080020b4                EXTI15_10_IRQHandler
                0x00000000080020b4                ADC_IRQHandler
                0x00000000080020b4                I2C3_EV_IRQHandler
                0x00000000080020b4                EXTI9_5_IRQHandler
                0x00000000080020b4                SPI2_IRQHandler
                0x00000000080020b4                MemManage_Handler
                0x00000000080020b4                SVC_Handler
                0x00000000080020b4                EXTI4_IRQHandler
                0x00000000080020b4                EXTI22_RTC_WKUP_IRQHandler
                0x00000000080020b4                EXTI16_PVD_IRQHandler
                0x00000000080020b4                TIM1_TRG_COM_TIM11_IRQHandler
                0x00000000080020b4                EXTI1_IRQHandler
                0x00000000080020b4                EXTI17_RTC_Alarm_IRQHandler
                0x00000000080020b4                USART2_IRQHandler
                0x00000000080020b4                I2C2_ER_IRQHandler
                0x00000000080020b4                FLASH_IRQHandler
                0x00000000080020b4                BusFault_Handler
                0x00000000080020b4                USART1_IRQHandler
                0x00000000080020b4                OTG_FS_IRQHandler
                0x00000000080020b4                SPI3_IRQHandler
                0x00000000080020b4                I2C1_ER_IRQHandler
 *fill*         0x00000000080020b6        0x2 
 .text.__errno  0x00000000080020b8        0xc c:/st/stm32cubeide_1.9.0/stm32cubeide/plugins/com.st.stm32cube.ide.mcu.externaltools.gnu-tools-for-stm32.10.3-2021.10.win32_1.0.0.202111181127/tools/bin/../lib/gcc/arm-none-eabi/10.3.1/../../../../arm-none-eabi/lib/thumb/v7e-m+fp/hard\libc_nano.a(lib_a-errno.o)
                0x00000000080020b8                __errno
 .text.__libc_init_array
                0x00000000080020c4       0x48 c:/st/stm32cubeide_1.9.0/stm32cubeide/plugins/com.st.stm32cube.ide.mcu.externaltools.gnu-tools-for-stm32.10.3-2021.10.win32_1.0.0.202111181127/tools/bin/../lib/gcc/arm-none-eabi/10.3.1/../../../../arm-none-eabi/lib/thumb/v7e-m+fp/hard\libc_nano.a(lib_a-init.o)
                0x00000000080020c4                __libc_init_array
 *fill*         0x000000000800210c        0x4 
 .text.sin      0x0000000008002110       0xb0 c:/st/stm32cubeide_1.9.0/stm32cubeide/plugins/com.st.stm32cube.ide.mcu.externaltools.gnu-tools-for-stm32.10.3-2021.10.win32_1.0.0.202111181127/tools/bin/../lib/gcc/arm-none-eabi/10.3.1/../../../../arm-none-eabi/lib/thumb/v7e-m+fp/hard\libm.a(lib_a-s_sin.o)
                0x0000000008002110                sin
 .text.tan      0x00000000080021c0       0x68 c:/st/stm32cubeide_1.9.0/stm32cubeide/plugins/com.st.stm32cube.ide.mcu.externaltools.gnu-tools-for-stm32.10.3-2021.10.win32_1.0.0.202111181127/tools/bin/../lib/gcc/arm-none-eabi/10.3.1/../../../../arm-none-eabi/lib/thumb/v7e-m+fp/hard\libm.a(lib_a-s_tan.o)
                0x00000000080021c0                tan
 .text.acos     0x0000000008002228       0x68 c:/st/stm32cubeide_1.9.0/stm32cubeide/plugins/com.st.stm32cube.ide.mcu.externaltools.gnu-tools-for-stm32.10.3-2021.10.win32_1.0.0.202111181127/tools/bin/../lib/gcc/arm-none-eabi/10.3.1/../../../../arm-none-eabi/lib/thumb/v7e-m+fp/hard\libm.a(lib_a-w_acos.o)
                0x0000000008002228                acos
 .text.__ieee754_acos
                0x0000000008002290      0x4c0 c:/st/stm32cubeide_1.9.0/stm32cubeide/plugins/com.st.stm32cube.ide.mcu.externaltools.gnu-tools-for-stm32.10.3-2021.10.win32_1.0.0.202111181127/tools/bin/../lib/gcc/arm-none-eabi/10.3.1/../../../../arm-none-eabi/lib/thumb/v7e-m+fp/hard\libm.a(lib_a-e_acos.o)
                0x0000000008002290                __ieee754_acos
 .text.__ieee754_rem_pio2
                0x0000000008002750      0x418 c:/st/stm32cubeide_1.9.0/stm32cubeide/plugins/com.st.stm32cube.ide.mcu.externaltools.gnu-tools-for-stm32.10.3-2021.10.win32_1.0.0.202111181127/tools/bin/../lib/gcc/arm-none-eabi/10.3.1/../../../../arm-none-eabi/lib/thumb/v7e-m+fp/hard\libm.a(lib_a-e_rem_pio2.o)
                0x0000000008002750                __ieee754_rem_pio2
 .text.__ieee754_sqrt
                0x0000000008002b68      0x164 c:/st/stm32cubeide_1.9.0/stm32cubeide/plugins/com.st.stm32cube.ide.mcu.externaltools.gnu-tools-for-stm32.10.3-2021.10.win32_1.0.0.202111181127/tools/bin/../lib/gcc/arm-none-eabi/10.3.1/../../../../arm-none-eabi/lib/thumb/v7e-m+fp/hard\libm.a(lib_a-e_sqrt.o)
                0x0000000008002b68                __ieee754_sqrt
 *fill*         0x0000000008002ccc        0x4 
 .text.__kernel_cos
                0x0000000008002cd0      0x18c c:/st/stm32cubeide_1.9.0/stm32cubeide/plugins/com.st.stm32cube.ide.mcu.externaltools.gnu-tools-for-stm32.10.3-2021.10.win32_1.0.0.202111181127/tools/bin/../lib/gcc/arm-none-eabi/10.3.1/../../../../arm-none-eabi/lib/thumb/v7e-m+fp/hard\libm.a(lib_a-k_cos.o)
                0x0000000008002cd0                __kernel_cos
 *fill*         0x0000000008002e5c        0x4 
 .text.__kernel_rem_pio2
                0x0000000008002e60      0x69c c:/st/stm32cubeide_1.9.0/stm32cubeide/plugins/com.st.stm32cube.ide.mcu.externaltools.gnu-tools-for-stm32.10.3-2021.10.win32_1.0.0.202111181127/tools/bin/../lib/gcc/arm-none-eabi/10.3.1/../../../../arm-none-eabi/lib/thumb/v7e-m+fp/hard\libm.a(lib_a-k_rem_pio2.o)
                0x0000000008002e60                __kernel_rem_pio2
 *fill*         0x00000000080034fc        0x4 
 .text.__kernel_sin
                0x0000000008003500      0x17c c:/st/stm32cubeide_1.9.0/stm32cubeide/plugins/com.st.stm32cube.ide.mcu.externaltools.gnu-tools-for-stm32.10.3-2021.10.win32_1.0.0.202111181127/tools/bin/../lib/gcc/arm-none-eabi/10.3.1/../../../../arm-none-eabi/lib/thumb/v7e-m+fp/hard\libm.a(lib_a-k_sin.o)
                0x0000000008003500                __kernel_sin
 *fill*         0x000000000800367c        0x4 
 .text.__kernel_tan
                0x0000000008003680      0x414 c:/st/stm32cubeide_1.9.0/stm32cubeide/plugins/com.st.stm32cube.ide.mcu.externaltools.gnu-tools-for-stm32.10.3-2021.10.win32_1.0.0.202111181127/tools/bin/../lib/gcc/arm-none-eabi/10.3.1/../../../../arm-none-eabi/lib/thumb/v7e-m+fp/hard\libm.a(lib_a-k_tan.o)
                0x0000000008003680                __kernel_tan
 .text.fabs     0x0000000008003a94       0x12 c:/st/stm32cubeide_1.9.0/stm32cubeide/plugins/com.st.stm32cube.ide.mcu.externaltools.gnu-tools-for-stm32.10.3-2021.10.win32_1.0.0.202111181127/tools/bin/../lib/gcc/arm-none-eabi/10.3.1/../../../../arm-none-eabi/lib/thumb/v7e-m+fp/hard\libm.a(lib_a-s_fabs.o)
                0x0000000008003a94                fabs
 *fill*         0x0000000008003aa6        0x2 
 .text.floor    0x0000000008003aa8      0x100 c:/st/stm32cubeide_1.9.0/stm32cubeide/plugins/com.st.stm32cube.ide.mcu.externaltools.gnu-tools-for-stm32.10.3-2021.10.win32_1.0.0.202111181127/tools/bin/../lib/gcc/arm-none-eabi/10.3.1/../../../../arm-none-eabi/lib/thumb/v7e-m+fp/hard\libm.a(lib_a-s_floor.o)
                0x0000000008003aa8                floor
 .text.nan      0x0000000008003ba8       0x10 c:/st/stm32cubeide_1.9.0/stm32cubeide/plugins/com.st.stm32cube.ide.mcu.externaltools.gnu-tools-for-stm32.10.3-2021.10.win32_1.0.0.202111181127/tools/bin/../lib/gcc/arm-none-eabi/10.3.1/../../../../arm-none-eabi/lib/thumb/v7e-m+fp/hard\libm.a(lib_a-s_nan.o)
                0x0000000008003ba8                nan
 .text.scalbn   0x0000000008003bb8      0x10c c:/st/stm32cubeide_1.9.0/stm32cubeide/plugins/com.st.stm32cube.ide.mcu.externaltools.gnu-tools-for-stm32.10.3-2021.10.win32_1.0.0.202111181127/tools/bin/../lib/gcc/arm-none-eabi/10.3.1/../../../../arm-none-eabi/lib/thumb/v7e-m+fp/hard\libm.a(lib_a-s_scalbn.o)
                0x0000000008003bb8                scalbn
 *(.glue_7)
 .glue_7        0x0000000008003cc4        0x0 linker stubs
 *(.glue_7t)
 .glue_7t       0x0000000008003cc4        0x0 linker stubs
 *(.eh_frame)
 .eh_frame      0x0000000008003cc4        0x0 c:/st/stm32cubeide_1.9.0/stm32cubeide/plugins/com.st.stm32cube.ide.mcu.externaltools.gnu-tools-for-stm32.10.3-2021.10.win32_1.0.0.202111181127/tools/bin/../lib/gcc/arm-none-eabi/10.3.1/thumb/v7e-m+fp/hard/crtbegin.o
 *(.init)
 .init          0x0000000008003cc4        0x4 c:/st/stm32cubeide_1.9.0/stm32cubeide/plugins/com.st.stm32cube.ide.mcu.externaltools.gnu-tools-for-stm32.10.3-2021.10.win32_1.0.0.202111181127/tools/bin/../lib/gcc/arm-none-eabi/10.3.1/thumb/v7e-m+fp/hard/crti.o
                0x0000000008003cc4                _init
 .init          0x0000000008003cc8        0x8 c:/st/stm32cubeide_1.9.0/stm32cubeide/plugins/com.st.stm32cube.ide.mcu.externaltools.gnu-tools-for-stm32.10.3-2021.10.win32_1.0.0.202111181127/tools/bin/../lib/gcc/arm-none-eabi/10.3.1/thumb/v7e-m+fp/hard/crtn.o
 *(.fini)
 .fini          0x0000000008003cd0        0x4 c:/st/stm32cubeide_1.9.0/stm32cubeide/plugins/com.st.stm32cube.ide.mcu.externaltools.gnu-tools-for-stm32.10.3-2021.10.win32_1.0.0.202111181127/tools/bin/../lib/gcc/arm-none-eabi/10.3.1/thumb/v7e-m+fp/hard/crti.o
                0x0000000008003cd0                _fini
 .fini          0x0000000008003cd4        0x8 c:/st/stm32cubeide_1.9.0/stm32cubeide/plugins/com.st.stm32cube.ide.mcu.externaltools.gnu-tools-for-stm32.10.3-2021.10.win32_1.0.0.202111181127/tools/bin/../lib/gcc/arm-none-eabi/10.3.1/thumb/v7e-m+fp/hard/crtn.o
                0x0000000008003cdc                . = ALIGN (0x4)
                0x0000000008003cdc                _etext = .

.vfp11_veneer   0x0000000008003cdc        0x0
 .vfp11_veneer  0x0000000008003cdc        0x0 linker stubs

.v4_bx          0x0000000008003cdc        0x0
 .v4_bx         0x0000000008003cdc        0x0 linker stubs

.iplt           0x0000000008003cdc        0x0
 .iplt          0x0000000008003cdc        0x0 c:/st/stm32cubeide_1.9.0/stm32cubeide/plugins/com.st.stm32cube.ide.mcu.externaltools.gnu-tools-for-stm32.10.3-2021.10.win32_1.0.0.202111181127/tools/bin/../lib/gcc/arm-none-eabi/10.3.1/thumb/v7e-m+fp/hard/crtbegin.o

.rodata         0x0000000008003ce0      0x1e0
                0x0000000008003ce0                . = ALIGN (0x4)
 *(.rodata)
 *(.rodata*)
 .rodata.acos.str1.1
                0x0000000008003ce0        0x1 c:/st/stm32cubeide_1.9.0/stm32cubeide/plugins/com.st.stm32cube.ide.mcu.externaltools.gnu-tools-for-stm32.10.3-2021.10.win32_1.0.0.202111181127/tools/bin/../lib/gcc/arm-none-eabi/10.3.1/../../../../arm-none-eabi/lib/thumb/v7e-m+fp/hard\libm.a(lib_a-w_acos.o)
 *fill*         0x0000000008003ce1        0x3 
 .rodata.npio2_hw
                0x0000000008003ce4       0x80 c:/st/stm32cubeide_1.9.0/stm32cubeide/plugins/com.st.stm32cube.ide.mcu.externaltools.gnu-tools-for-stm32.10.3-2021.10.win32_1.0.0.202111181127/tools/bin/../lib/gcc/arm-none-eabi/10.3.1/../../../../arm-none-eabi/lib/thumb/v7e-m+fp/hard\libm.a(lib_a-e_rem_pio2.o)
 .rodata.two_over_pi
                0x0000000008003d64      0x108 c:/st/stm32cubeide_1.9.0/stm32cubeide/plugins/com.st.stm32cube.ide.mcu.externaltools.gnu-tools-for-stm32.10.3-2021.10.win32_1.0.0.202111181127/tools/bin/../lib/gcc/arm-none-eabi/10.3.1/../../../../arm-none-eabi/lib/thumb/v7e-m+fp/hard\libm.a(lib_a-e_rem_pio2.o)
 *fill*         0x0000000008003e6c        0x4 
 .rodata.PIo2   0x0000000008003e70       0x40 c:/st/stm32cubeide_1.9.0/stm32cubeide/plugins/com.st.stm32cube.ide.mcu.externaltools.gnu-tools-for-stm32.10.3-2021.10.win32_1.0.0.202111181127/tools/bin/../lib/gcc/arm-none-eabi/10.3.1/../../../../arm-none-eabi/lib/thumb/v7e-m+fp/hard\libm.a(lib_a-k_rem_pio2.o)
 .rodata.init_jk
                0x0000000008003eb0       0x10 c:/st/stm32cubeide_1.9.0/stm32cubeide/plugins/com.st.stm32cube.ide.mcu.externaltools.gnu-tools-for-stm32.10.3-2021.10.win32_1.0.0.202111181127/tools/bin/../lib/gcc/arm-none-eabi/10.3.1/../../../../arm-none-eabi/lib/thumb/v7e-m+fp/hard\libm.a(lib_a-k_rem_pio2.o)
                0x0000000008003ec0                . = ALIGN (0x4)

.rel.dyn        0x0000000008003ec0        0x0
 .rel.iplt      0x0000000008003ec0        0x0 c:/st/stm32cubeide_1.9.0/stm32cubeide/plugins/com.st.stm32cube.ide.mcu.externaltools.gnu-tools-for-stm32.10.3-2021.10.win32_1.0.0.202111181127/tools/bin/../lib/gcc/arm-none-eabi/10.3.1/thumb/v7e-m+fp/hard/crtbegin.o

.ARM.extab      0x0000000008003ec0        0x0
                0x0000000008003ec0                . = ALIGN (0x4)
 *(.ARM.extab* .gnu.linkonce.armextab.*)
                0x0000000008003ec0                . = ALIGN (0x4)

.ARM            0x0000000008003ec0        0x0
                0x0000000008003ec0                . = ALIGN (0x4)
                0x0000000008003ec0                __exidx_start = .
 *(.ARM.exidx*)
                0x0000000008003ec0                __exidx_end = .
                0x0000000008003ec0                . = ALIGN (0x4)

.preinit_array  0x0000000008003ec0        0x0
                0x0000000008003ec0                . = ALIGN (0x4)
                0x0000000008003ec0                PROVIDE (__preinit_array_start = .)
 *(.preinit_array*)
                0x0000000008003ec0                PROVIDE (__preinit_array_end = .)
                0x0000000008003ec0                . = ALIGN (0x4)

.init_array     0x0000000008003ec0        0x4
                0x0000000008003ec0                . = ALIGN (0x4)
                0x0000000008003ec0                PROVIDE (__init_array_start = .)
 *(SORT_BY_NAME(.init_array.*))
 *(.init_array*)
 .init_array    0x0000000008003ec0        0x4 c:/st/stm32cubeide_1.9.0/stm32cubeide/plugins/com.st.stm32cube.ide.mcu.externaltools.gnu-tools-for-stm32.10.3-2021.10.win32_1.0.0.202111181127/tools/bin/../lib/gcc/arm-none-eabi/10.3.1/thumb/v7e-m+fp/hard/crtbegin.o
                0x0000000008003ec4                PROVIDE (__init_array_end = .)
                0x0000000008003ec4                . = ALIGN (0x4)

.fini_array     0x0000000008003ec4        0x4
                0x0000000008003ec4                . = ALIGN (0x4)
                [!provide]                        PROVIDE (__fini_array_start = .)
 *(SORT_BY_NAME(.fini_array.*))
 *(.fini_array*)
 .fini_array    0x0000000008003ec4        0x4 c:/st/stm32cubeide_1.9.0/stm32cubeide/plugins/com.st.stm32cube.ide.mcu.externaltools.gnu-tools-for-stm32.10.3-2021.10.win32_1.0.0.202111181127/tools/bin/../lib/gcc/arm-none-eabi/10.3.1/thumb/v7e-m+fp/hard/crtbegin.o
                [!provide]                        PROVIDE (__fini_array_end = .)
                0x0000000008003ec8                . = ALIGN (0x4)
                0x0000000008003ec8                _sidata = LOADADDR (.data)

.data           0x0000000020000000       0x68 load address 0x0000000008003ec8
                0x0000000020000000                . = ALIGN (0x4)
                0x0000000020000000                _sdata = .
 *(.data)
 *(.data*)
 .data.DayCounter
                0x0000000020000000        0x4 ./Src/ECU.o
                0x0000000020000000                DayCounter
 .data._impure_ptr
                0x0000000020000004        0x4 c:/st/stm32cubeide_1.9.0/stm32cubeide/plugins/com.st.stm32cube.ide.mcu.externaltools.gnu-tools-for-stm32.10.3-2021.10.win32_1.0.0.202111181127/tools/bin/../lib/gcc/arm-none-eabi/10.3.1/../../../../arm-none-eabi/lib/thumb/v7e-m+fp/hard\libc_nano.a(lib_a-impure.o)
                0x0000000020000004                _impure_ptr
 .data.impure_data
                0x0000000020000008       0x60 c:/st/stm32cubeide_1.9.0/stm32cubeide/plugins/com.st.stm32cube.ide.mcu.externaltools.gnu-tools-for-stm32.10.3-2021.10.win32_1.0.0.202111181127/tools/bin/../lib/gcc/arm-none-eabi/10.3.1/../../../../arm-none-eabi/lib/thumb/v7e-m+fp/hard\libc_nano.a(lib_a-impure.o)
 *(.RamFunc)
 *(.RamFunc*)
                0x0000000020000068                . = ALIGN (0x4)
                0x0000000020000068                _edata = .

.igot.plt       0x0000000020000068        0x0 load address 0x0000000008003f30
 .igot.plt      0x0000000020000068        0x0 c:/st/stm32cubeide_1.9.0/stm32cubeide/plugins/com.st.stm32cube.ide.mcu.externaltools.gnu-tools-for-stm32.10.3-2021.10.win32_1.0.0.202111181127/tools/bin/../lib/gcc/arm-none-eabi/10.3.1/thumb/v7e-m+fp/hard/crtbegin.o
                0x0000000020000068                . = ALIGN (0x4)

.bss            0x0000000020000068       0x68 load address 0x0000000008003f30
                0x0000000020000068                _sbss = .
                0x0000000020000068                __bss_start__ = _sbss
 *(.bss)
 .bss           0x0000000020000068       0x1c c:/st/stm32cubeide_1.9.0/stm32cubeide/plugins/com.st.stm32cube.ide.mcu.externaltools.gnu-tools-for-stm32.10.3-2021.10.win32_1.0.0.202111181127/tools/bin/../lib/gcc/arm-none-eabi/10.3.1/thumb/v7e-m+fp/hard/crtbegin.o
 *(.bss*)
 .bss.Temp      0x0000000020000084       0x10 ./Src/ECU.o
                0x0000000020000084                Temp
 .bss.SunRiseTicks
                0x0000000020000094        0x4 ./Src/ECU.o
                0x0000000020000094                SunRiseTicks
 .bss.SunSetTicks
                0x0000000020000098        0x4 ./Src/ECU.o
                0x0000000020000098                SunSetTicks
 .bss.sunrise_ptr
                0x000000002000009c        0x4 ./Src/ECU.o
                0x000000002000009c                sunrise_ptr
 .bss.sunset_ptr
                0x00000000200000a0        0x4 ./Src/ECU.o
                0x00000000200000a0                sunset_ptr
 .bss.rv        0x00000000200000a4        0xc ./Src/ECU.o
                0x00000000200000a4                rv
 .bss.sv        0x00000000200000b0        0xc ./Src/ECU.o
                0x00000000200000b0                sv
 .bss.MSTK_CallBack
                0x00000000200000bc        0x4 ./Src/STK_program.o
 .bss.MSTK_u8ModeOfInterval
                0x00000000200000c0        0x1 ./Src/STK_program.o
 *fill*         0x00000000200000c1        0x3 
 .bss.TIM2_CallBack
                0x00000000200000c4        0x4 ./Src/TIM2.o
 .bss.TIM3_CallBack
                0x00000000200000c8        0x4 ./Src/TIM2.o
 .bss.TIM5_CallBack
                0x00000000200000cc        0x4 ./Src/TIM2.o
 *(COMMON)
                0x00000000200000d0                . = ALIGN (0x4)
                0x00000000200000d0                _ebss = .
                0x00000000200000d0                __bss_end__ = _ebss

._user_heap_stack
                0x00000000200000d0      0x600 load address 0x0000000008003f30
                0x00000000200000d0                . = ALIGN (0x8)
                [!provide]                        PROVIDE (end = .)
                0x00000000200000d0                PROVIDE (_end = .)
                0x00000000200002d0                . = (. + _Min_Heap_Size)
 *fill*         0x00000000200000d0      0x200 
                0x00000000200006d0                . = (. + _Min_Stack_Size)
 *fill*         0x00000000200002d0      0x400 
                0x00000000200006d0                . = ALIGN (0x8)

/DISCARD/
 libc.a(*)
 libm.a(*)
 libgcc.a(*)

.ARM.attributes
                0x0000000000000000       0x30
 *(.ARM.attributes)
 .ARM.attributes
                0x0000000000000000       0x1e c:/st/stm32cubeide_1.9.0/stm32cubeide/plugins/com.st.stm32cube.ide.mcu.externaltools.gnu-tools-for-stm32.10.3-2021.10.win32_1.0.0.202111181127/tools/bin/../lib/gcc/arm-none-eabi/10.3.1/thumb/v7e-m+fp/hard/crti.o
 .ARM.attributes
                0x000000000000001e       0x34 c:/st/stm32cubeide_1.9.0/stm32cubeide/plugins/com.st.stm32cube.ide.mcu.externaltools.gnu-tools-for-stm32.10.3-2021.10.win32_1.0.0.202111181127/tools/bin/../lib/gcc/arm-none-eabi/10.3.1/thumb/v7e-m+fp/hard/crtbegin.o
 .ARM.attributes
                0x0000000000000052       0x34 ./Src/ADC_prog.o
 .ARM.attributes
                0x0000000000000086       0x34 ./Src/Delay_prog.o
 .ARM.attributes
                0x00000000000000ba       0x34 ./Src/ECU.o
 .ARM.attributes
                0x00000000000000ee       0x34 ./Src/GPIO_prog.o
 .ARM.attributes
                0x0000000000000122       0x34 ./Src/NVIC_prog.o
 .ARM.attributes
                0x0000000000000156       0x34 ./Src/RCC_prog.o
 .ARM.attributes
                0x000000000000018a       0x34 ./Src/STK_program.o
 .ARM.attributes
                0x00000000000001be       0x34 ./Src/SunCalc.o
 .ARM.attributes
                0x00000000000001f2       0x34 ./Src/TIM2.o
 .ARM.attributes
                0x0000000000000226       0x34 ./Src/app.o
 .ARM.attributes
                0x000000000000025a       0x34 ./Src/motor.o
 .ARM.attributes
                0x000000000000028e       0x21 ./Startup/startup_stm32f401vetx.o
 .ARM.attributes
                0x00000000000002af       0x34 c:/st/stm32cubeide_1.9.0/stm32cubeide/plugins/com.st.stm32cube.ide.mcu.externaltools.gnu-tools-for-stm32.10.3-2021.10.win32_1.0.0.202111181127/tools/bin/../lib/gcc/arm-none-eabi/10.3.1/../../../../arm-none-eabi/lib/thumb/v7e-m+fp/hard\libc_nano.a(lib_a-errno.o)
 .ARM.attributes
                0x00000000000002e3       0x34 c:/st/stm32cubeide_1.9.0/stm32cubeide/plugins/com.st.stm32cube.ide.mcu.externaltools.gnu-tools-for-stm32.10.3-2021.10.win32_1.0.0.202111181127/tools/bin/../lib/gcc/arm-none-eabi/10.3.1/../../../../arm-none-eabi/lib/thumb/v7e-m+fp/hard\libc_nano.a(lib_a-impure.o)
 .ARM.attributes
                0x0000000000000317       0x34 c:/st/stm32cubeide_1.9.0/stm32cubeide/plugins/com.st.stm32cube.ide.mcu.externaltools.gnu-tools-for-stm32.10.3-2021.10.win32_1.0.0.202111181127/tools/bin/../lib/gcc/arm-none-eabi/10.3.1/../../../../arm-none-eabi/lib/thumb/v7e-m+fp/hard\libc_nano.a(lib_a-init.o)
 .ARM.attributes
                0x000000000000034b       0x34 c:/st/stm32cubeide_1.9.0/stm32cubeide/plugins/com.st.stm32cube.ide.mcu.externaltools.gnu-tools-for-stm32.10.3-2021.10.win32_1.0.0.202111181127/tools/bin/../lib/gcc/arm-none-eabi/10.3.1/../../../../arm-none-eabi/lib/thumb/v7e-m+fp/hard\libm.a(lib_a-s_sin.o)
 .ARM.attributes
                0x000000000000037f       0x34 c:/st/stm32cubeide_1.9.0/stm32cubeide/plugins/com.st.stm32cube.ide.mcu.externaltools.gnu-tools-for-stm32.10.3-2021.10.win32_1.0.0.202111181127/tools/bin/../lib/gcc/arm-none-eabi/10.3.1/../../../../arm-none-eabi/lib/thumb/v7e-m+fp/hard\libm.a(lib_a-s_tan.o)
 .ARM.attributes
                0x00000000000003b3       0x34 c:/st/stm32cubeide_1.9.0/stm32cubeide/plugins/com.st.stm32cube.ide.mcu.externaltools.gnu-tools-for-stm32.10.3-2021.10.win32_1.0.0.202111181127/tools/bin/../lib/gcc/arm-none-eabi/10.3.1/../../../../arm-none-eabi/lib/thumb/v7e-m+fp/hard\libm.a(lib_a-w_acos.o)
 .ARM.attributes
                0x00000000000003e7       0x34 c:/st/stm32cubeide_1.9.0/stm32cubeide/plugins/com.st.stm32cube.ide.mcu.externaltools.gnu-tools-for-stm32.10.3-2021.10.win32_1.0.0.202111181127/tools/bin/../lib/gcc/arm-none-eabi/10.3.1/../../../../arm-none-eabi/lib/thumb/v7e-m+fp/hard\libm.a(lib_a-e_acos.o)
 .ARM.attributes
                0x000000000000041b       0x34 c:/st/stm32cubeide_1.9.0/stm32cubeide/plugins/com.st.stm32cube.ide.mcu.externaltools.gnu-tools-for-stm32.10.3-2021.10.win32_1.0.0.202111181127/tools/bin/../lib/gcc/arm-none-eabi/10.3.1/../../../../arm-none-eabi/lib/thumb/v7e-m+fp/hard\libm.a(lib_a-e_rem_pio2.o)
 .ARM.attributes
                0x000000000000044f       0x34 c:/st/stm32cubeide_1.9.0/stm32cubeide/plugins/com.st.stm32cube.ide.mcu.externaltools.gnu-tools-for-stm32.10.3-2021.10.win32_1.0.0.202111181127/tools/bin/../lib/gcc/arm-none-eabi/10.3.1/../../../../arm-none-eabi/lib/thumb/v7e-m+fp/hard\libm.a(lib_a-e_sqrt.o)
 .ARM.attributes
                0x0000000000000483       0x34 c:/st/stm32cubeide_1.9.0/stm32cubeide/plugins/com.st.stm32cube.ide.mcu.externaltools.gnu-tools-for-stm32.10.3-2021.10.win32_1.0.0.202111181127/tools/bin/../lib/gcc/arm-none-eabi/10.3.1/../../../../arm-none-eabi/lib/thumb/v7e-m+fp/hard\libm.a(lib_a-k_cos.o)
 .ARM.attributes
                0x00000000000004b7       0x34 c:/st/stm32cubeide_1.9.0/stm32cubeide/plugins/com.st.stm32cube.ide.mcu.externaltools.gnu-tools-for-stm32.10.3-2021.10.win32_1.0.0.202111181127/tools/bin/../lib/gcc/arm-none-eabi/10.3.1/../../../../arm-none-eabi/lib/thumb/v7e-m+fp/hard\libm.a(lib_a-k_rem_pio2.o)
 .ARM.attributes
                0x00000000000004eb       0x34 c:/st/stm32cubeide_1.9.0/stm32cubeide/plugins/com.st.stm32cube.ide.mcu.externaltools.gnu-tools-for-stm32.10.3-2021.10.win32_1.0.0.202111181127/tools/bin/../lib/gcc/arm-none-eabi/10.3.1/../../../../arm-none-eabi/lib/thumb/v7e-m+fp/hard\libm.a(lib_a-k_sin.o)
 .ARM.attributes
                0x000000000000051f       0x34 c:/st/stm32cubeide_1.9.0/stm32cubeide/plugins/com.st.stm32cube.ide.mcu.externaltools.gnu-tools-for-stm32.10.3-2021.10.win32_1.0.0.202111181127/tools/bin/../lib/gcc/arm-none-eabi/10.3.1/../../../../arm-none-eabi/lib/thumb/v7e-m+fp/hard\libm.a(lib_a-k_tan.o)
 .ARM.attributes
                0x0000000000000553       0x34 c:/st/stm32cubeide_1.9.0/stm32cubeide/plugins/com.st.stm32cube.ide.mcu.externaltools.gnu-tools-for-stm32.10.3-2021.10.win32_1.0.0.202111181127/tools/bin/../lib/gcc/arm-none-eabi/10.3.1/../../../../arm-none-eabi/lib/thumb/v7e-m+fp/hard\libm.a(lib_a-s_fabs.o)
 .ARM.attributes
                0x0000000000000587       0x34 c:/st/stm32cubeide_1.9.0/stm32cubeide/plugins/com.st.stm32cube.ide.mcu.externaltools.gnu-tools-for-stm32.10.3-2021.10.win32_1.0.0.202111181127/tools/bin/../lib/gcc/arm-none-eabi/10.3.1/../../../../arm-none-eabi/lib/thumb/v7e-m+fp/hard\libm.a(lib_a-s_floor.o)
 .ARM.attributes
                0x00000000000005bb       0x34 c:/st/stm32cubeide_1.9.0/stm32cubeide/plugins/com.st.stm32cube.ide.mcu.externaltools.gnu-tools-for-stm32.10.3-2021.10.win32_1.0.0.202111181127/tools/bin/../lib/gcc/arm-none-eabi/10.3.1/../../../../arm-none-eabi/lib/thumb/v7e-m+fp/hard\libm.a(lib_a-s_nan.o)
 .ARM.attributes
                0x00000000000005ef       0x34 c:/st/stm32cubeide_1.9.0/stm32cubeide/plugins/com.st.stm32cube.ide.mcu.externaltools.gnu-tools-for-stm32.10.3-2021.10.win32_1.0.0.202111181127/tools/bin/../lib/gcc/arm-none-eabi/10.3.1/../../../../arm-none-eabi/lib/thumb/v7e-m+fp/hard\libm.a(lib_a-s_scalbn.o)
 .ARM.attributes
                0x0000000000000623       0x1e c:/st/stm32cubeide_1.9.0/stm32cubeide/plugins/com.st.stm32cube.ide.mcu.externaltools.gnu-tools-for-stm32.10.3-2021.10.win32_1.0.0.202111181127/tools/bin/../lib/gcc/arm-none-eabi/10.3.1/thumb/v7e-m+fp/hard\libgcc.a(_arm_addsubdf3.o)
 .ARM.attributes
                0x0000000000000641       0x1e c:/st/stm32cubeide_1.9.0/stm32cubeide/plugins/com.st.stm32cube.ide.mcu.externaltools.gnu-tools-for-stm32.10.3-2021.10.win32_1.0.0.202111181127/tools/bin/../lib/gcc/arm-none-eabi/10.3.1/thumb/v7e-m+fp/hard\libgcc.a(_arm_muldivdf3.o)
 .ARM.attributes
                0x000000000000065f       0x1e c:/st/stm32cubeide_1.9.0/stm32cubeide/plugins/com.st.stm32cube.ide.mcu.externaltools.gnu-tools-for-stm32.10.3-2021.10.win32_1.0.0.202111181127/tools/bin/../lib/gcc/arm-none-eabi/10.3.1/thumb/v7e-m+fp/hard\libgcc.a(_arm_cmpdf2.o)
 .ARM.attributes
                0x000000000000067d       0x1e c:/st/stm32cubeide_1.9.0/stm32cubeide/plugins/com.st.stm32cube.ide.mcu.externaltools.gnu-tools-for-stm32.10.3-2021.10.win32_1.0.0.202111181127/tools/bin/../lib/gcc/arm-none-eabi/10.3.1/thumb/v7e-m+fp/hard\libgcc.a(_arm_unorddf2.o)
 .ARM.attributes
                0x000000000000069b       0x1e c:/st/stm32cubeide_1.9.0/stm32cubeide/plugins/com.st.stm32cube.ide.mcu.externaltools.gnu-tools-for-stm32.10.3-2021.10.win32_1.0.0.202111181127/tools/bin/../lib/gcc/arm-none-eabi/10.3.1/thumb/v7e-m+fp/hard\libgcc.a(_arm_fixdfsi.o)
 .ARM.attributes
                0x00000000000006b9       0x1e c:/st/stm32cubeide_1.9.0/stm32cubeide/plugins/com.st.stm32cube.ide.mcu.externaltools.gnu-tools-for-stm32.10.3-2021.10.win32_1.0.0.202111181127/tools/bin/../lib/gcc/arm-none-eabi/10.3.1/thumb/v7e-m+fp/hard\libgcc.a(_arm_truncdfsf2.o)
 .ARM.attributes
                0x00000000000006d7       0x1e c:/st/stm32cubeide_1.9.0/stm32cubeide/plugins/com.st.stm32cube.ide.mcu.externaltools.gnu-tools-for-stm32.10.3-2021.10.win32_1.0.0.202111181127/tools/bin/../lib/gcc/arm-none-eabi/10.3.1/thumb/v7e-m+fp/hard/crtn.o
OUTPUT(Solar_Tracker.elf elf32-littlearm)
LOAD linker stubs
LOAD c:/st/stm32cubeide_1.9.0/stm32cubeide/plugins/com.st.stm32cube.ide.mcu.externaltools.gnu-tools-for-stm32.10.3-2021.10.win32_1.0.0.202111181127/tools/bin/../lib/gcc/arm-none-eabi/10.3.1/../../../../arm-none-eabi/lib/thumb/v7e-m+fp/hard\libc.a
LOAD c:/st/stm32cubeide_1.9.0/stm32cubeide/plugins/com.st.stm32cube.ide.mcu.externaltools.gnu-tools-for-stm32.10.3-2021.10.win32_1.0.0.202111181127/tools/bin/../lib/gcc/arm-none-eabi/10.3.1/../../../../arm-none-eabi/lib/thumb/v7e-m+fp/hard\libm.a
LOAD c:/st/stm32cubeide_1.9.0/stm32cubeide/plugins/com.st.stm32cube.ide.mcu.externaltools.gnu-tools-for-stm32.10.3-2021.10.win32_1.0.0.202111181127/tools/bin/../lib/gcc/arm-none-eabi/10.3.1/thumb/v7e-m+fp/hard\libgcc.a

.debug_info     0x0000000000000000     0x2097
 .debug_info    0x0000000000000000      0x500 ./Src/ADC_prog.o
 .debug_info    0x0000000000000500      0x105 ./Src/Delay_prog.o
 .debug_info    0x0000000000000605      0x555 ./Src/ECU.o
 .debug_info    0x0000000000000b5a      0x3f3 ./Src/GPIO_prog.o
 .debug_info    0x0000000000000f4d      0x398 ./Src/NVIC_prog.o
 .debug_info    0x00000000000012e5      0x3ee ./Src/RCC_prog.o
 .debug_info    0x00000000000016d3      0x22f ./Src/STK_program.o
 .debug_info    0x0000000000001902      0x23f ./Src/SunCalc.o
 .debug_info    0x0000000000001b41      0x369 ./Src/TIM2.o
 .debug_info    0x0000000000001eaa       0xe0 ./Src/app.o
 .debug_info    0x0000000000001f8a       0xeb ./Src/motor.o
 .debug_info    0x0000000000002075       0x22 ./Startup/startup_stm32f401vetx.o

.debug_abbrev   0x0000000000000000      0xbd1
 .debug_abbrev  0x0000000000000000      0x192 ./Src/ADC_prog.o
 .debug_abbrev  0x0000000000000192       0x90 ./Src/Delay_prog.o
 .debug_abbrev  0x0000000000000222      0x1b8 ./Src/ECU.o
 .debug_abbrev  0x00000000000003da      0x11b ./Src/GPIO_prog.o
 .debug_abbrev  0x00000000000004f5      0x131 ./Src/NVIC_prog.o
 .debug_abbrev  0x0000000000000626      0x134 ./Src/RCC_prog.o
 .debug_abbrev  0x000000000000075a      0x11a ./Src/STK_program.o
 .debug_abbrev  0x0000000000000874      0x127 ./Src/SunCalc.o
 .debug_abbrev  0x000000000000099b      0x10b ./Src/TIM2.o
 .debug_abbrev  0x0000000000000aa6       0x85 ./Src/app.o
 .debug_abbrev  0x0000000000000b2b       0x94 ./Src/motor.o
 .debug_abbrev  0x0000000000000bbf       0x12 ./Startup/startup_stm32f401vetx.o

.debug_aranges  0x0000000000000000      0x388
 .debug_aranges
                0x0000000000000000       0x58 ./Src/ADC_prog.o
 .debug_aranges
                0x0000000000000058       0x28 ./Src/Delay_prog.o
 .debug_aranges
                0x0000000000000080       0x68 ./Src/ECU.o
 .debug_aranges
                0x00000000000000e8       0x70 ./Src/GPIO_prog.o
 .debug_aranges
                0x0000000000000158       0x58 ./Src/NVIC_prog.o
 .debug_aranges
                0x00000000000001b0       0x58 ./Src/RCC_prog.o
 .debug_aranges
                0x0000000000000208       0x58 ./Src/STK_program.o
 .debug_aranges
                0x0000000000000260       0x28 ./Src/SunCalc.o
 .debug_aranges
                0x0000000000000288       0x90 ./Src/TIM2.o
 .debug_aranges
                0x0000000000000318       0x20 ./Src/app.o
 .debug_aranges
                0x0000000000000338       0x28 ./Src/motor.o
 .debug_aranges
                0x0000000000000360       0x28 ./Startup/startup_stm32f401vetx.o

.debug_ranges   0x0000000000000000      0x2d0
 .debug_ranges  0x0000000000000000       0x48 ./Src/ADC_prog.o
 .debug_ranges  0x0000000000000048       0x18 ./Src/Delay_prog.o
 .debug_ranges  0x0000000000000060       0x58 ./Src/ECU.o
 .debug_ranges  0x00000000000000b8       0x60 ./Src/GPIO_prog.o
 .debug_ranges  0x0000000000000118       0x48 ./Src/NVIC_prog.o
 .debug_ranges  0x0000000000000160       0x48 ./Src/RCC_prog.o
 .debug_ranges  0x00000000000001a8       0x48 ./Src/STK_program.o
 .debug_ranges  0x00000000000001f0       0x18 ./Src/SunCalc.o
 .debug_ranges  0x0000000000000208       0x80 ./Src/TIM2.o
 .debug_ranges  0x0000000000000288       0x10 ./Src/app.o
 .debug_ranges  0x0000000000000298       0x18 ./Src/motor.o
 .debug_ranges  0x00000000000002b0       0x20 ./Startup/startup_stm32f401vetx.o

.debug_macro    0x0000000000000000     0x2254
 .debug_macro   0x0000000000000000       0x4c ./Src/ADC_prog.o
 .debug_macro   0x000000000000004c      0xa7e ./Src/ADC_prog.o
 .debug_macro   0x0000000000000aca       0x28 ./Src/ADC_prog.o
 .debug_macro   0x0000000000000af2       0x22 ./Src/ADC_prog.o
 .debug_macro   0x0000000000000b14      0x148 ./Src/ADC_prog.o
 .debug_macro   0x0000000000000c5c       0x1c ./Src/ADC_prog.o
 .debug_macro   0x0000000000000c78       0xc8 ./Src/ADC_prog.o
 .debug_macro   0x0000000000000d40       0x31 ./Src/Delay_prog.o
 .debug_macro   0x0000000000000d71       0xa6 ./Src/ECU.o
 .debug_macro   0x0000000000000e17       0x9a ./Src/ECU.o
 .debug_macro   0x0000000000000eb1       0x1c ./Src/ECU.o
 .debug_macro   0x0000000000000ecd      0x1a0 ./Src/ECU.o
 .debug_macro   0x000000000000106d      0x148 ./Src/ECU.o
 .debug_macro   0x00000000000011b5       0x28 ./Src/ECU.o
 .debug_macro   0x00000000000011dd       0x1c ./Src/ECU.o
 .debug_macro   0x00000000000011f9       0x28 ./Src/ECU.o
 .debug_macro   0x0000000000001221       0x49 ./Src/GPIO_prog.o
 .debug_macro   0x000000000000126a       0x52 ./Src/GPIO_prog.o
 .debug_macro   0x00000000000012bc      0x142 ./Src/GPIO_prog.o
 .debug_macro   0x00000000000013fe       0x39 ./Src/NVIC_prog.o
 .debug_macro   0x0000000000001437       0x9a ./Src/NVIC_prog.o
 .debug_macro   0x00000000000014d1       0x50 ./Src/RCC_prog.o
 .debug_macro   0x0000000000001521       0x43 ./Src/STK_program.o
 .debug_macro   0x0000000000001564       0x2e ./Src/STK_program.o
 .debug_macro   0x0000000000001592       0x10 ./Src/STK_program.o
 .debug_macro   0x00000000000015a2       0xf4 ./Src/SunCalc.o
 .debug_macro   0x0000000000001696       0x22 ./Src/SunCalc.o
 .debug_macro   0x00000000000016b8       0x4c ./Src/SunCalc.o
 .debug_macro   0x0000000000001704       0x1e ./Src/SunCalc.o
 .debug_macro   0x0000000000001722       0x94 ./Src/SunCalc.o
 .debug_macro   0x00000000000017b6       0x3c ./Src/SunCalc.o
 .debug_macro   0x00000000000017f2       0x34 ./Src/SunCalc.o
 .debug_macro   0x0000000000001826      0x174 ./Src/SunCalc.o
 .debug_macro   0x000000000000199a       0x16 ./Src/SunCalc.o
 .debug_macro   0x00000000000019b0       0x43 ./Src/SunCalc.o
 .debug_macro   0x00000000000019f3       0x57 ./Src/SunCalc.o
 .debug_macro   0x0000000000001a4a       0x34 ./Src/SunCalc.o
 .debug_macro   0x0000000000001a7e       0x10 ./Src/SunCalc.o
 .debug_macro   0x0000000000001a8e       0x58 ./Src/SunCalc.o
 .debug_macro   0x0000000000001ae6       0x71 ./Src/SunCalc.o
 .debug_macro   0x0000000000001b57       0x1c ./Src/SunCalc.o
 .debug_macro   0x0000000000001b73      0x12a ./Src/SunCalc.o
 .debug_macro   0x0000000000001c9d      0x341 ./Src/SunCalc.o
 .debug_macro   0x0000000000001fde      0x19b ./Src/SunCalc.o
 .debug_macro   0x0000000000002179       0x3f ./Src/TIM2.o
 .debug_macro   0x00000000000021b8       0x2e ./Src/TIM2.o
 .debug_macro   0x00000000000021e6       0x37 ./Src/app.o
 .debug_macro   0x000000000000221d       0x37 ./Src/motor.o

.debug_line     0x0000000000000000     0x1c99
 .debug_line    0x0000000000000000      0x2c4 ./Src/ADC_prog.o
 .debug_line    0x00000000000002c4      0x101 ./Src/Delay_prog.o
 .debug_line    0x00000000000003c5      0x2a7 ./Src/ECU.o
 .debug_line    0x000000000000066c      0x718 ./Src/GPIO_prog.o
 .debug_line    0x0000000000000d84      0x1c9 ./Src/NVIC_prog.o
 .debug_line    0x0000000000000f4d      0x1da ./Src/RCC_prog.o
 .debug_line    0x0000000000001127      0x1c8 ./Src/STK_program.o
 .debug_line    0x00000000000012ef      0x587 ./Src/SunCalc.o
 .debug_line    0x0000000000001876      0x21b ./Src/TIM2.o
 .debug_line    0x0000000000001a91       0xb4 ./Src/app.o
 .debug_line    0x0000000000001b45       0xd0 ./Src/motor.o
 .debug_line    0x0000000000001c15       0x84 ./Startup/startup_stm32f401vetx.o

.debug_str      0x0000000000000000     0x9696
 .debug_str     0x0000000000000000     0x3a0b ./Src/ADC_prog.o
                                       0x3abe (size before relaxing)
 .debug_str     0x0000000000003a0b       0x56 ./Src/Delay_prog.o
                                       0x2eaf (size before relaxing)
 .debug_str     0x0000000000003a61     0x10d6 ./Src/ECU.o
                                       0x49dd (size before relaxing)
 .debug_str     0x0000000000004b37      0x324 ./Src/GPIO_prog.o
                                       0x3451 (size before relaxing)
 .debug_str     0x0000000000004e5b      0x575 ./Src/NVIC_prog.o
                                       0x3443 (size before relaxing)
 .debug_str     0x00000000000053d0      0x208 ./Src/RCC_prog.o
                                       0x3b22 (size before relaxing)
 .debug_str     0x00000000000055d8      0x20c ./Src/STK_program.o
                                       0x3064 (size before relaxing)
 .debug_str     0x00000000000057e4     0x3c77 ./Src/SunCalc.o
                                       0x6b1c (size before relaxing)
 .debug_str     0x000000000000945b      0x1e4 ./Src/TIM2.o
                                       0x30f0 (size before relaxing)
 .debug_str     0x000000000000963f       0x12 ./Src/app.o
                                       0x2e72 (size before relaxing)
 .debug_str     0x0000000000009651       0x14 ./Src/motor.o
                                       0x3081 (size before relaxing)
 .debug_str     0x0000000000009665       0x31 ./Startup/startup_stm32f401vetx.o
                                         0x5f (size before relaxing)

.comment        0x0000000000000000       0x50
 .comment       0x0000000000000000       0x50 ./Src/ADC_prog.o
                                         0x51 (size before relaxing)
 .comment       0x0000000000000050       0x51 ./Src/Delay_prog.o
 .comment       0x0000000000000050       0x51 ./Src/ECU.o
 .comment       0x0000000000000050       0x51 ./Src/GPIO_prog.o
 .comment       0x0000000000000050       0x51 ./Src/NVIC_prog.o
 .comment       0x0000000000000050       0x51 ./Src/RCC_prog.o
 .comment       0x0000000000000050       0x51 ./Src/STK_program.o
 .comment       0x0000000000000050       0x51 ./Src/SunCalc.o
 .comment       0x0000000000000050       0x51 ./Src/TIM2.o
 .comment       0x0000000000000050       0x51 ./Src/app.o
 .comment       0x0000000000000050       0x51 ./Src/motor.o

.debug_frame    0x0000000000000000     0x1114
 .debug_frame   0x0000000000000000      0x120 ./Src/ADC_prog.o
 .debug_frame   0x0000000000000120       0x60 ./Src/Delay_prog.o
 .debug_frame   0x0000000000000180      0x140 ./Src/ECU.o
 .debug_frame   0x00000000000002c0      0x1c8 ./Src/GPIO_prog.o
 .debug_frame   0x0000000000000488      0x150 ./Src/NVIC_prog.o
 .debug_frame   0x00000000000005d8      0x138 ./Src/RCC_prog.o
 .debug_frame   0x0000000000000710      0x13c ./Src/STK_program.o
 .debug_frame   0x000000000000084c       0x5c ./Src/SunCalc.o
 .debug_frame   0x00000000000008a8      0x214 ./Src/TIM2.o
 .debug_frame   0x0000000000000abc       0x2c ./Src/app.o
 .debug_frame   0x0000000000000ae8       0x58 ./Src/motor.o
 .debug_frame   0x0000000000000b40       0x20 c:/st/stm32cubeide_1.9.0/stm32cubeide/plugins/com.st.stm32cube.ide.mcu.externaltools.gnu-tools-for-stm32.10.3-2021.10.win32_1.0.0.202111181127/tools/bin/../lib/gcc/arm-none-eabi/10.3.1/../../../../arm-none-eabi/lib/thumb/v7e-m+fp/hard\libc_nano.a(lib_a-errno.o)
 .debug_frame   0x0000000000000b60       0x2c c:/st/stm32cubeide_1.9.0/stm32cubeide/plugins/com.st.stm32cube.ide.mcu.externaltools.gnu-tools-for-stm32.10.3-2021.10.win32_1.0.0.202111181127/tools/bin/../lib/gcc/arm-none-eabi/10.3.1/../../../../arm-none-eabi/lib/thumb/v7e-m+fp/hard\libc_nano.a(lib_a-init.o)
 .debug_frame   0x0000000000000b8c       0x38 c:/st/stm32cubeide_1.9.0/stm32cubeide/plugins/com.st.stm32cube.ide.mcu.externaltools.gnu-tools-for-stm32.10.3-2021.10.win32_1.0.0.202111181127/tools/bin/../lib/gcc/arm-none-eabi/10.3.1/../../../../arm-none-eabi/lib/thumb/v7e-m+fp/hard\libm.a(lib_a-s_sin.o)
 .debug_frame   0x0000000000000bc4       0x38 c:/st/stm32cubeide_1.9.0/stm32cubeide/plugins/com.st.stm32cube.ide.mcu.externaltools.gnu-tools-for-stm32.10.3-2021.10.win32_1.0.0.202111181127/tools/bin/../lib/gcc/arm-none-eabi/10.3.1/../../../../arm-none-eabi/lib/thumb/v7e-m+fp/hard\libm.a(lib_a-s_tan.o)
 .debug_frame   0x0000000000000bfc       0x4c c:/st/stm32cubeide_1.9.0/stm32cubeide/plugins/com.st.stm32cube.ide.mcu.externaltools.gnu-tools-for-stm32.10.3-2021.10.win32_1.0.0.202111181127/tools/bin/../lib/gcc/arm-none-eabi/10.3.1/../../../../arm-none-eabi/lib/thumb/v7e-m+fp/hard\libm.a(lib_a-w_acos.o)
 .debug_frame   0x0000000000000c48       0x38 c:/st/stm32cubeide_1.9.0/stm32cubeide/plugins/com.st.stm32cube.ide.mcu.externaltools.gnu-tools-for-stm32.10.3-2021.10.win32_1.0.0.202111181127/tools/bin/../lib/gcc/arm-none-eabi/10.3.1/../../../../arm-none-eabi/lib/thumb/v7e-m+fp/hard\libm.a(lib_a-e_acos.o)
 .debug_frame   0x0000000000000c80       0x50 c:/st/stm32cubeide_1.9.0/stm32cubeide/plugins/com.st.stm32cube.ide.mcu.externaltools.gnu-tools-for-stm32.10.3-2021.10.win32_1.0.0.202111181127/tools/bin/../lib/gcc/arm-none-eabi/10.3.1/../../../../arm-none-eabi/lib/thumb/v7e-m+fp/hard\libm.a(lib_a-e_rem_pio2.o)
 .debug_frame   0x0000000000000cd0       0x30 c:/st/stm32cubeide_1.9.0/stm32cubeide/plugins/com.st.stm32cube.ide.mcu.externaltools.gnu-tools-for-stm32.10.3-2021.10.win32_1.0.0.202111181127/tools/bin/../lib/gcc/arm-none-eabi/10.3.1/../../../../arm-none-eabi/lib/thumb/v7e-m+fp/hard\libm.a(lib_a-e_sqrt.o)
 .debug_frame   0x0000000000000d00       0x3c c:/st/stm32cubeide_1.9.0/stm32cubeide/plugins/com.st.stm32cube.ide.mcu.externaltools.gnu-tools-for-stm32.10.3-2021.10.win32_1.0.0.202111181127/tools/bin/../lib/gcc/arm-none-eabi/10.3.1/../../../../arm-none-eabi/lib/thumb/v7e-m+fp/hard\libm.a(lib_a-k_cos.o)
 .debug_frame   0x0000000000000d3c       0x54 c:/st/stm32cubeide_1.9.0/stm32cubeide/plugins/com.st.stm32cube.ide.mcu.externaltools.gnu-tools-for-stm32.10.3-2021.10.win32_1.0.0.202111181127/tools/bin/../lib/gcc/arm-none-eabi/10.3.1/../../../../arm-none-eabi/lib/thumb/v7e-m+fp/hard\libm.a(lib_a-k_rem_pio2.o)
 .debug_frame   0x0000000000000d90       0x5c c:/st/stm32cubeide_1.9.0/stm32cubeide/plugins/com.st.stm32cube.ide.mcu.externaltools.gnu-tools-for-stm32.10.3-2021.10.win32_1.0.0.202111181127/tools/bin/../lib/gcc/arm-none-eabi/10.3.1/../../../../arm-none-eabi/lib/thumb/v7e-m+fp/hard\libm.a(lib_a-k_sin.o)
 .debug_frame   0x0000000000000dec       0x64 c:/st/stm32cubeide_1.9.0/stm32cubeide/plugins/com.st.stm32cube.ide.mcu.externaltools.gnu-tools-for-stm32.10.3-2021.10.win32_1.0.0.202111181127/tools/bin/../lib/gcc/arm-none-eabi/10.3.1/../../../../arm-none-eabi/lib/thumb/v7e-m+fp/hard\libm.a(lib_a-k_tan.o)
 .debug_frame   0x0000000000000e50       0x20 c:/st/stm32cubeide_1.9.0/stm32cubeide/plugins/com.st.stm32cube.ide.mcu.externaltools.gnu-tools-for-stm32.10.3-2021.10.win32_1.0.0.202111181127/tools/bin/../lib/gcc/arm-none-eabi/10.3.1/../../../../arm-none-eabi/lib/thumb/v7e-m+fp/hard\libm.a(lib_a-s_fabs.o)
 .debug_frame   0x0000000000000e70       0x30 c:/st/stm32cubeide_1.9.0/stm32cubeide/plugins/com.st.stm32cube.ide.mcu.externaltools.gnu-tools-for-stm32.10.3-2021.10.win32_1.0.0.202111181127/tools/bin/../lib/gcc/arm-none-eabi/10.3.1/../../../../arm-none-eabi/lib/thumb/v7e-m+fp/hard\libm.a(lib_a-s_floor.o)
 .debug_frame   0x0000000000000ea0       0x20 c:/st/stm32cubeide_1.9.0/stm32cubeide/plugins/com.st.stm32cube.ide.mcu.externaltools.gnu-tools-for-stm32.10.3-2021.10.win32_1.0.0.202111181127/tools/bin/../lib/gcc/arm-none-eabi/10.3.1/../../../../arm-none-eabi/lib/thumb/v7e-m+fp/hard\libm.a(lib_a-s_nan.o)
 .debug_frame   0x0000000000000ec0       0x2c c:/st/stm32cubeide_1.9.0/stm32cubeide/plugins/com.st.stm32cube.ide.mcu.externaltools.gnu-tools-for-stm32.10.3-2021.10.win32_1.0.0.202111181127/tools/bin/../lib/gcc/arm-none-eabi/10.3.1/../../../../arm-none-eabi/lib/thumb/v7e-m+fp/hard\libm.a(lib_a-s_scalbn.o)
 .debug_frame   0x0000000000000eec       0xac c:/st/stm32cubeide_1.9.0/stm32cubeide/plugins/com.st.stm32cube.ide.mcu.externaltools.gnu-tools-for-stm32.10.3-2021.10.win32_1.0.0.202111181127/tools/bin/../lib/gcc/arm-none-eabi/10.3.1/thumb/v7e-m+fp/hard\libgcc.a(_arm_addsubdf3.o)
 .debug_frame   0x0000000000000f98       0x50 c:/st/stm32cubeide_1.9.0/stm32cubeide/plugins/com.st.stm32cube.ide.mcu.externaltools.gnu-tools-for-stm32.10.3-2021.10.win32_1.0.0.202111181127/tools/bin/../lib/gcc/arm-none-eabi/10.3.1/thumb/v7e-m+fp/hard\libgcc.a(_arm_muldivdf3.o)
 .debug_frame   0x0000000000000fe8       0xc4 c:/st/stm32cubeide_1.9.0/stm32cubeide/plugins/com.st.stm32cube.ide.mcu.externaltools.gnu-tools-for-stm32.10.3-2021.10.win32_1.0.0.202111181127/tools/bin/../lib/gcc/arm-none-eabi/10.3.1/thumb/v7e-m+fp/hard\libgcc.a(_arm_cmpdf2.o)
 .debug_frame   0x00000000000010ac       0x20 c:/st/stm32cubeide_1.9.0/stm32cubeide/plugins/com.st.stm32cube.ide.mcu.externaltools.gnu-tools-for-stm32.10.3-2021.10.win32_1.0.0.202111181127/tools/bin/../lib/gcc/arm-none-eabi/10.3.1/thumb/v7e-m+fp/hard\libgcc.a(_arm_unorddf2.o)
 .debug_frame   0x00000000000010cc       0x24 c:/st/stm32cubeide_1.9.0/stm32cubeide/plugins/com.st.stm32cube.ide.mcu.externaltools.gnu-tools-for-stm32.10.3-2021.10.win32_1.0.0.202111181127/tools/bin/../lib/gcc/arm-none-eabi/10.3.1/thumb/v7e-m+fp/hard\libgcc.a(_arm_fixdfsi.o)
 .debug_frame   0x00000000000010f0       0x24 c:/st/stm32cubeide_1.9.0/stm32cubeide/plugins/com.st.stm32cube.ide.mcu.externaltools.gnu-tools-for-stm32.10.3-2021.10.win32_1.0.0.202111181127/tools/bin/../lib/gcc/arm-none-eabi/10.3.1/thumb/v7e-m+fp/hard\libgcc.a(_arm_truncdfsf2.o)
