../Src/TIM2.c:20:6:TIM2_vInit	0	static
../Src/TIM2.c:30:6:TIM3_vInit	0	static
../Src/TIM2.c:40:6:TIM5_vInit	0	static
../Src/TIM2.c:51:6:TIM2_vEnableCount	0	static
../Src/TIM2.c:57:6:TIM3_vEnableCount	0	static
../Src/TIM2.c:63:6:TIM5_vEnableCount	0	static
../Src/TIM2.c:70:6:TIM2_vDisableCount	0	static
../Src/TIM2.c:74:6:TIM3_vDisableCount	0	static
../Src/TIM2.c:78:6:TIM5_vDisableCount	0	static
../Src/TIM2.c:85:6:TIM2_vSetCallBack	0	static
../Src/TIM2.c:88:6:TIM3_vSetCallBack	0	static
../Src/TIM2.c:91:6:TIM5_vSetCallBack	0	static
../Src/TIM2.c:95:7:TIM2_IRQHandler	8	static
../Src/TIM2.c:101:7:TIM3_IRQHandler	8	static
../Src/TIM2.c:107:7:TIM5_IRQHandler	8	static
